// Jest Snapshot v1, https://goo.gl/fbAQLP

exports[`<App /> renders without exploding 1`] = `
Array [
  <section
    className="todoapp"
  >
    <header
      className="header"
    >
      <h1>
        todos
      </h1>
      <form
        onSubmit={[Function]}
      >
        <input
          className="new-todo"
          onChange={[Function]}
          placeholder="What needs to be done?"
          value=""
        />
      </form>
    </header>
    <section
      className="main"
    >
      <ul
        className="todo-list"
      />
    </section>
  </section>,
  <footer
    className="info"
  >
    <p>
      Double-click to edit a todo
    </p>
    <p>
      Template by 
      <a
        href="http://sindresorhus.com"
      >
        Sindre Sorhus
      </a>
    </p>
    <p>
      Created by 
      <a
        href="http://sourcier.uk"
      >
        Roger Rajaratnam
      </a>
    </p>
    <p>
      Part of 
      <a
        href="http://todomvc.com"
      >
        TodoMVC
      </a>
    </p>
  </footer>,
]
`;
